working sample 692 (confirmed figures applied 16, confirmed openings 3, take-on bases 0); no filing PDF 0: []
rule scan     listed  30
rule passage  listed  28
rule row      listed  16
listed 50: read in the eighth census's takeon_triangle part 34, to read afresh 16
  syndicate_1084_2014    new   scan               pyd -77.4      open 1332.5     GBP None | RITC scan: an inward RITC in 2014: With effect from 1 January 2014, the Syndicate assumed the liabilities of Syndicate 4000 under a Reinsurance to Close contract, which c
  syndicate_1084_2021    8th   scan               pyd -206.2     open 2840.1     USD rag_triangle | RITC scan: an inward RITC in 2021: Effective 1 January 2021, the Syndicate accepted the reinsurance to close (RITC) of the liabilities of AXA Special Purpose Arrangement 
  syndicate_1084_2022    new   scan,passage       pyd -85.9      open 2896.5     USD None | RITC scan: an inward RITC in 2022: Effective 1 January 2022, the Syndicate accepted the reinsurance to close (RITC) of the liabilities of Syndicate 2088 for the 2019 Year
  syndicate_1084_2023    8th   passage            pyd -47.8      open 3372.9     USD rag_triangle | text: ...2023 2022 $m $m Investment management charges 1.2 1.0 China Re UK Limited, a wholly owned subsidiary of China Reinsurance (Group) Corporation, effected the RITC 
  syndicate_1110_2020    8th   scan,passage       pyd 2.728      open 133.771    GBP rag_triangle | RITC scan: an inward RITC in 2020: Furthermore, in 2020 the Syndicate also accepted the RITC of 3330, ADC cover on 1458 and an LPT from Syndicates 45 and 386.
  syndicate_1110_2022    8th   scan               pyd 9.082      open 221.885    GBP rag_triangle | RITC scan: an inward RITC in 2022: As the Syndicate has accepted the RITC of Syndicate 5678 with effect from 1 January 2022 into the 2020 year of account and has a pipeli
  syndicate_1254_2023    8th   scan               pyd 10.525     open 55.574     GBP rag_triangle | RITC scan: an inward RITC in 2023: 6) 403 (1,523) Foreign exchange 14 - 14 At 31 December 2022 595 - 595 2023 Gross Reinsurers’ share Net £000 £000 £000 At 1 January 2023
  syndicate_1686_2020    8th   passage            pyd 54.007     open 727.385    USD rag_triangle | text: ...Closure of Syndicate 2007 and Syndicate 6129 and Reinsurance-to-Close transactions Following the closure of Syndicate 2007 and Syndicate 6129 effective 31 Decemb
  syndicate_1856_2024    8th   passage,row        pyd 140.888    open 600.368    USD rag_triangle | text: ...Dollar (note 2) Reports & Accounts Syndicate 1856 49 Technical Provisions - claims outstanding Gross Reinsurer’s share Net 2024* $'000 $'000 $'000 At 1 January 2
  syndicate_1861_2019    new   row                pyd 22.179     open 510.238    GBP rag_triangle | row: ...iation of opening and closing deferred acquisition costs is as follows: 2019 2018 £000 £000 At 1 January 128,669 49,852 RITC adjustment1 (4,350) - Adjusted 1 Janu
  syndicate_1884_2021    8th   scan,passage,row   pyd -20.1      open 73.709     GBP rag_triangle | RITC scan: an inward RITC in 2021: The Syndicate accepted the RITC of the 2018 YOA of Syndicates 1861 and 1955 effective 1 January 2021.
  syndicate_1969_2022    8th   scan               pyd 29.6       open 724.298    USD rag_triangle | RITC scan: an inward RITC in 2022: The only item to report is that the 2020 and prior years of account of Syndicate 6133 have been reinsured to close into the syndicate.
  syndicate_1969_2023    8th   scan               pyd 50.8       open 819.767    USD rag_triangle | RITC scan: an inward RITC in 2023: The 2021 and prior years of account of Syndicate 6133 and Syndicate 1971 have been reinsured to close into the syndicate.
  syndicate_2003_2018    new   passage,row        pyd 419.0      open 5344.064   USD rag_triangle | text: ...CE LIABILITIES AND REINSURANCE ASSETS NOTES TO THE FINANCIAL STATEMENTS (CONTINUED) FOR THE YEAR ENDED 31 DECEMBER 2018 2018 Provision for unearned premium Claim
  syndicate_2003_2019    8th   passage,row        pyd 200.0      open 5921.697   USD rag_triangle | text: ...ES AND REINSURANCE ASSETS (CONTINUED) NOTES TO THE FINANCIAL STATEMENTS (CONTINUED) FOR THE YEAR ENDED 31 DECEMBER 2019 2018 Provision for Claims unearned premiu
  syndicate_2008_2015    new   scan               pyd -8.2       open 308.138    GBP rag_provisions | RITC scan: an inward RITC in 2015: Claims incurred but not reported 62,830 (7,608) 55,222 52,345 (5,000) 47,345) Balance at 31 December 327,927 (98,307) 229,620 308,138 (
  syndicate_2008_2016    new   scan               pyd -12.896    open 327.957    GBP None | RITC scan: an inward RITC in 2016: 79) 179,214 Claims incurred but not reported 62,860 (7,608) 55,222 52,345 (5,000) 47,345 Balance at 1 January 327,957 (98,307) 229,620 
  syndicate_2008_2018    new   scan               pyd 0.002      open 369.552    GBP None | RITC scan: an inward RITC in 2018: Claims notified Claims incurred but not reported Balance at 1 January RITC take on reserves Change in prior year provisions Claims paid
  syndicate_2008_2019    new   scan               pyd 14.053     open 1331.49    GBP confirmed_figure | RITC scan: an inward RITC in 2019: Claims notified Claims incurred but not reported Balance at 1 January RITC take on reserves Change in prior year provisions Claims paid
  syndicate_2008_2023    8th   scan,row           pyd 79.213     open 1186.259   GBP rag_triangle | RITC scan: an inward RITC in 2023: The above movements also include the take-on balances of the RITC with Syndicate 1301 (amounting to £235.0m Gross and £158.0m Net) and 
  syndicate_2232_2020    new   row                pyd 55.227     open 396.533    GBP rag_triangle | row: ...00 2019 £000 At 1 January (175,648) (203,101) 54,976 66,355 Movement in provision (10,795) 23,924 11,136 (10,711) Less: portfolio transfer (1,721) (2,388) 704 814
  syndicate_2232_2021    new   row                pyd 7.572      open 403.686    GBP rag_triangle | row: ...000 2020 £000 At 1 January (186,512) (175,648) 64,007 54,976 Movement in provision 22,564 (12,516) (5,913) 12,654 Less: portfolio transfer 1,721 2,388 (704) (814)
  syndicate_2232_2022    new   row                pyd -14.204    open 424.046    GBP rag_triangle | row: ...£000 2021 £000 At 1 January (158,031) (186,512) 55,896 64,007 Movement in provision (12,699) 22,564 1,147 (5,913) Less: portfolio transfer 1,715 1,721 (701) (704)
  syndicate_2232_2023    new   row                pyd -12.667    open 533.793    GBP rag_triangle | row: ...£000 2022 £000 At 1 January (178,585) (158,031) 59,189 55,896 Movement in provision (17,726) (12,699) 9,857 1,147 Less: portfolio transfer 1,905 1,715 (780) (701)
  syndicate_2488_2019    8th   scan               pyd -2.959     open 956.51     GBP rag_triangle | RITC scan: an inward RITC in 2019: With effect from 1 January 2019, Syndicate 2488 accepted the reinsurance to close of the liabilities of Syndicate 1882.
  syndicate_2791_2015    8th   scan,passage       pyd -2.131     open 342.27     GBP confirmed_figure | RITC scan: an inward RITC in 2015: Reinsurance to Close Premium Received from Syndicate 6103 At 1 January 2015, Syndicate 2791 accepted a Reinsurance to Close Premium fro
  syndicate_2791_2017    8th   scan,passage       pyd -11.35     open 350.266    GBP rag_triangle | RITC scan: an inward RITC in 2017: Reinsurance to Close Premium Received from Syndicate 6103 At 1 January 2017, Syndicate 2791 accepted a Reinsurance to Close Premium fro
  syndicate_2791_2018    8th   scan,passage       pyd -9.783     open 350.548    GBP rag_triangle | RITC scan: an inward RITC in 2018: Reinsurance to Close Premium Received from Syndicate 6103 At 1 January 2018, Syndicate 2791 accepted a Reinsurance to Close Premium fro
  syndicate_2791_2022    8th   scan,passage       pyd -17.497    open 414.649    GBP rag_triangle | RITC scan: an inward RITC in 2022: Reinsurance to Close Premium Received from Syndicate 6103 At 1 January 2022, Syndicate 2791 accepted a Reinsurance to Close Premium fro
  syndicate_2791_2023    8th   scan,passage       pyd -35.529    open 596.911    GBP rag_triangle | RITC scan: an inward RITC in 2023: Reinsurance to Close Premium Received from Syndicate 6103 At 1 January 2023, Syndicate 2791 accepted a Reinsurance to Close Premium fro
  syndicate_2791_2024    8th   passage            pyd -36.191    open 545.891    GBP rag_triangle | text: ...Reinsurance to Close Premium Received from Syndicate 6103 At 1 January 2024, Syndicate 2791 accepted a Reinsurance to close Premium from Syndicate 6103 in respec
  syndicate_3000_2017    8th   scan,passage       pyd -8.1       open 1103.264   GBP rag_triangle | RITC scan: an inward RITC in 2017: aims outstanding Gross £'000 Reinsurance £'000 Net £'000 Gross £'000 Reinsurance £'000 Net £'000 At 1 January 1,103,264 154,099 949,165
  syndicate_318_2024     new   passage            pyd -67.098    open 217.138    GBP rag_triangle | text: ...38 Cincinnati Global Syndicate 0318 Notes to the financial statements for the year ended 31 December 2024 continued (p) RITC and Portfolio Transfer Policy contin
  syndicate_3268_2020    8th   passage,row        pyd 4.216      open 71.068     GBP rag_triangle | text: ...Technical provisions 2020 Gross provisions £’000 Reinsurance assets £’000 Net £’000 Claims outstanding Balance at 1 January 71,068 (20,435) 50,633 Change in clai
  syndicate_3268_2021    8th   passage,row        pyd -0.008     open 114.556    GBP rag_triangle | text: ...Technical provisions 2021 Gross provisions £’000 Reinsurance assets £’000 Net £’000 Claims outstanding Balance at 1 January 114,556 (38,248) 76,308 Change in cla
  syndicate_3330_2017    8th   scan,passage       pyd -0.99      open 14.059     GBP rag_triangle | RITC scan: an inward RITC in 2017: On 1 January 2017, the 2017 year of account accepted the Reinsurance to Close (RITC) of the 2014 year of account which consisted of the
  syndicate_3500_2019    8th   scan               pyd 26.444     open 259.79     GBP rag_triangle | RITC scan: an inward RITC in 2019: On 1* January 2019, Syndicate 3500 accepted the reinsurance to close of the liabilities of another Lloyd’s syndicate, a runoff syndicat
  syndicate_3500_2021    8th   scan,passage,row   pyd 109.086    open 770.428    USD rag_triangle | RITC scan: an inward RITC in 2021: This transaction results in the transfer to Syndicate 3500 of gross and net technical provisions of $17.6 million and $17.3 million res
  syndicate_3500_2022    8th   scan,row           pyd -291.756   open 2615.345   USD rag_triangle | RITC scan: an inward RITC in 2022: This transaction resulted in the transfer to Syndicate 3500 of gross and net technical provisions of $13.4 million and $13.4 million, r
  syndicate_3500_2023    8th   scan               pyd -47.666    open 2962.436   USD rag_triangle | RITC scan: an inward RITC in 2023: illion, respectively, this replaces a previously recorded loss portfolio transfer with gross and net liabilities of $201.9 million as a
  syndicate_4000_2023    8th   passage            pyd -18.865    open 738.807    GBP rag_triangle | text: ...Deferred Acquisition Costs 2023 2022 £000 £000 Balance at 1 January 62,877 52,637 Change in deferred acquisition costs 15,295 4,419 Effect of exchange rates (2,4
  syndicate_435_2017     8th   passage            pyd -30.689    open 743.418    GBP rag_triangle | text: ...A reinsurance to close Report of the Directors of the Managing Agent 31 December 2017 4 arrangement of Syndicate 2255 was carried out as at 31 December 2017; its
  syndicate_435_2018     8th   scan,passage       pyd -4.551     open 1015.305   GBP rag_triangle | RITC scan: an inward RITC in 2018: A reinsurance to close arrangement of Syndicate 2255 was carried out as at 31 December 2017; its assets and liabilities were transferre
  syndicate_4444_2016    8th   passage            pyd 4.362      open 912.779    GBP rag_triangle | text: ...At 31 December 2016, Syndicate 4444 accepted the reinsurance to close for the 2014 year of account of Syndicate 260, its final underwriting year....
  syndicate_4444_2017    8th   passage            pyd 118.224    open 1200.561   GBP rag_triangle | text: ...At 31 December 2017, Syndicate 4444 accepted the reinsurance to close for the 2015 year of account of Syndicate 958, its final underwriting year....
  syndicate_4444_2018    8th   scan,row           pyd 88.583     open 1547.219   GBP rag_triangle | RITC scan: an inward RITC in 2018: At 31 December 2017, Syndicate 4444 accepted the reinsurance to close for the 2015 year of account of Syndicate 958, its final underwri
  syndicate_4444_2022    new   passage            pyd 34.9       open 1980.61    GBP confirmed_figure | text: ...ising out of reinsurance operations 2022 2021 £000 £000 Due within one year Reinsurance accepted 13,060 14,087 Reinsurance ceded 287,590 420,277 300,650 434,364 
  syndicate_4444_2023    8th   scan,passage,row   pyd 48.207     open 2367.884   GBP rag_triangle | RITC scan: an inward RITC in 2023: On 1 January 2023 the 2021 year of account of the Syndicate accepted the RITC of the 2020 year of account of Syndicate 1861.
  syndicate_4444_2024    new   passage            pyd -89.1      open 3173.914   USD rag_provisions | text: ...Creditors arising out of reinsurance operations 2024 2023 Restated $000 $000 Reinsurance accepted 21,958 12,994 Reinsurance ceded 526,043 680,776 Total due withi
  syndicate_609_2014     new   scan               pyd -41.2      open 378.654    GBP None | RITC scan: an inward RITC in 2014: BUSINESS AND PERFORMANCE EVALUATION With eﬀ ect from 1 January 2014 the 2011 year of account of Syndicate 570 was reinsured to close in
written error-rate-census-ninth.json (2026-09-14T12:34:55), error-rate-briefs-ninth.json, error-rate-carry-over-ninth-skeleton.json
