working sample 692 (confirmed figures applied 16, confirmed openings 3, take-on bases 0); no filing PDF 0: []
rule scan     listed  30
rule passage  listed  28
rule row      listed 150
listed 175: read in the eighth census's takeon_triangle part 34, to read afresh 141
  syndicate_1084_2014    new   scan               pyd -77.4      open 1332.5     GBP None | RITC scan: an inward RITC in 2014: With effect from 1 January 2014, the Syndicate assumed the liabilities of Syndicate 4000 under a Reinsurance to Close contract, which c
  syndicate_1084_2021    8th   scan               pyd -206.2     open 2840.1     USD rag_triangle | RITC scan: an inward RITC in 2021: Effective 1 January 2021, the Syndicate accepted the reinsurance to close (RITC) of the liabilities of AXA Special Purpose Arrangement 
  syndicate_1084_2022    new   scan,passage       pyd -85.9      open 2896.5     USD None | RITC scan: an inward RITC in 2022: Effective 1 January 2022, the Syndicate accepted the reinsurance to close (RITC) of the liabilities of Syndicate 2088 for the 2019 Year
  syndicate_1084_2023    8th   passage            pyd -47.8      open 3372.9     USD rag_triangle | text: ...2023 2022 $m $m Investment management charges 1.2 1.0 China Re UK Limited, a wholly owned subsidiary of China Reinsurance (Group) Corporation, effected the RITC 
  syndicate_1110_2020    8th   scan,passage       pyd 2.728      open 133.771    GBP rag_triangle | RITC scan: an inward RITC in 2020: Furthermore, in 2020 the Syndicate also accepted the RITC of 3330, ADC cover on 1458 and an LPT from Syndicates 45 and 386.
  syndicate_1110_2022    8th   scan               pyd 9.082      open 221.885    GBP rag_triangle | RITC scan: an inward RITC in 2022: As the Syndicate has accepted the RITC of Syndicate 5678 with effect from 1 January 2022 into the 2020 year of account and has a pipeli
  syndicate_1176_2022    new   row                pyd -8.097     open 37.582     GBP rag_triangle | row: ...insurance Gross premiums written 3 30,839 Outward reinsurance premiums (737) Earned premiums, net of reinsurance 30,102 Reinsurance to close premium received, net
  syndicate_1176_2023    new   row                pyd -7.56      open 38.646     GBP rag_triangle | row: ...insurance Gross premiums written 3 28,694 Outward reinsurance premiums (606) Earned premiums, net of reinsurance 28,088 Reinsurance to close premium received, net
  syndicate_1176_2024    new   row                pyd -6.286     open 41.426     GBP rag_triangle | row: ...usiness Gross premiums written 3 32,270 Outward reinsurance premiums (1,257) Earned premiums, net of reinsurance 31,013 Reinsurance to close premium received, net
  syndicate_1183_2015    new   row                pyd -61.5      open 1352.0     USD rag_triangle | row: ...917.6 Gross premiums 1 548.6 549.2 754.2 807.5 834.6 839.0 861.5 Net premiums 465.0 457.6 571.6 607.2 636.2 657.1 665.7 Reinsurance to close received 260.7 330.2 
  syndicate_1183_2016    new   row                pyd 31.8       open 1302.6     USD rag_triangle | row: ...765.0 Gross premiums 1 549.2 754.2 807.5 834.6 839.0 861.5 811.2 Net premiums 457.6 571.6 607.2 636.2 657.1 665.7 641.3 Reinsurance to close received 330.2 409.0 
  syndicate_1183_2017    new   row                pyd -23.2      open 1301.5     USD rag_triangle | row: ...843.8 Gross premiums 1 754.2 807.5 834.6 839.0 861.5 811.2 798.1 Net premiums 571.6 607.2 636.2 657.1 665.7 641.3 644.2 Reinsurance to close received 409.0 484.4 
  syndicate_1183_2018    new   row                pyd 33.8       open 1542.5     USD rag_triangle | row: ...765.3 Gross premiums 1 807.5 834.6 839.0 861.5 811.2 798.1 750.3 Net premiums 607.2 636.2 657.1 665.7 641.3 644.2 596.4 Reinsurance to close received 484.4 566.9 
  syndicate_1200_2015    new   row                pyd 0.5        open 430.0      GBP rag_triangle | row: ...---------------------------------------- Outward reinsurance premiums (136.1) Earned premiums, net of reinsurance 258.9 Reinsurance to close premium received, net
  syndicate_1200_2016    new   row                pyd 20.0       open 450.6      GBP rag_triangle | row: ...---------------------------------------- Outward reinsurance premiums (108.9) Earned premiums, net of reinsurance 280.4 Reinsurance to close premium received, net
  syndicate_1200_2017    new   row                pyd 44.9       open 586.6      GBP rag_triangle | row: ...---------------------------------------- Outward reinsurance premiums (122.0) Earned premiums, net of reinsurance 313.1 Reinsurance to close premium received, net
  syndicate_1200_2018    new   row                pyd 85.5       open 772.3      GBP rag_triangle | row: ...---------------------------------------- Outward reinsurance premiums (160.2) Earned premiums, net of reinsurance 391.7 Reinsurance to close premium received, net
  syndicate_1200_2019    new   row                pyd 107.6      open 767.4      GBP rag_triangle | row: ...reinsurance Gross premiums written 601.4 Outward reinsurance premiums (192.9) Earned premiums, net of reinsurance 408.5 Reinsurance to close premium received, net
  syndicate_1200_2020    new   row                pyd 54.4       open 798.7      GBP rag_triangle | row: ...reinsurance Gross premiums written 544.7 Outward reinsurance premiums (178.4) Earned premiums, net of reinsurance 366.3 Reinsurance to close premium received, net
  syndicate_1200_2021    new   row                pyd 28.0       open 839.0      GBP rag_triangle | row: ... reinsurance Gross premiums written 556.8 Outward reinsurance premiums (98.0) Earned premiums, net of reinsurance 458.8 Reinsurance to close premium received, net
  syndicate_1200_2022    new   row                pyd -17.1      open 649.0      GBP rag_triangle | row: ...alendar year results The table below sets out the calendar year results of Syndicate 1200: 2022 incl. LPT £m 2022 excl. LPT £m 2021 £m Gross written premium 637.3
  syndicate_1200_2023    new   row                pyd 27.5       open 811.6      GBP rag_triangle | row: ...YEAR RESULTS The table below sets out the calendar year results of Syndicate 1200: 2023 £m 2022 incl. LPT £m 2022 excl. LPT £m Gross written premium 582.4 637.3 6
  syndicate_1200_2024    new   row                pyd 38.761     open 533.279    GBP rag_triangle | row: ...rance Gross premiums written 621,076 Outward reinsurance premiums (211,897) Earned premiums, net of reinsurance 409,179 Reinsurance to close premium received, net
  syndicate_1254_2023    8th   scan,row           pyd 10.525     open 55.574     GBP rag_triangle | RITC scan: an inward RITC in 2023: 6) 403 (1,523) Foreign exchange 14 - 14 At 31 December 2022 595 - 595 2023 Gross Reinsurers’ share Net £000 £000 £000 At 1 January 2023
  syndicate_1492_2023    new   row                pyd -14.766    open 256.035    GBP rag_triangle | row: ...8,327 Profit for the financial year 53,296 30,093 32,215 Net Combined Operating Ratio 2023 (UK GAAP) 2022 (adjusted for LPT) Net Loss Ratio 38.7% 41.4% Net Commis
  syndicate_1686_2020    8th   passage            pyd 54.007     open 727.385    USD rag_triangle | text: ...Closure of Syndicate 2007 and Syndicate 6129 and Reinsurance-to-Close transactions Following the closure of Syndicate 2007 and Syndicate 6129 effective 31 Decemb
  syndicate_1856_2024    8th   passage,row        pyd 140.888    open 600.368    USD rag_triangle | text: ...Dollar (note 2) Reports & Accounts Syndicate 1856 49 Technical Provisions - claims outstanding Gross Reinsurer’s share Net 2024* $'000 $'000 $'000 At 1 January 2
  syndicate_1861_2019    new   row                pyd 22.179     open 510.238    GBP rag_triangle | row: ...iation of opening and closing deferred acquisition costs is as follows: 2019 2018 £000 £000 At 1 January 128,669 49,852 RITC adjustment1 (4,350) - Adjusted 1 Janu
  syndicate_1861_2021    new   row                pyd 34.519     open 770.971    GBP rag_triangle | row: ...ar end the full premium due to Riverstone is included in reinsurance payable. The net impact to the Syndicate under the LPT is a 0.3% improvement on the combined 
  syndicate_1884_2021    8th   scan,passage,row   pyd -20.1      open 73.709     GBP rag_triangle | RITC scan: an inward RITC in 2021: The Syndicate accepted the RITC of the 2018 YOA of Syndicates 1861 and 1955 effective 1 January 2021.
  syndicate_1910_2018    new   row                pyd 1.91       open 322.1      GBP rag_triangle | row: ...---------------------------------------- Outward reinsurance premiums (109.8) Earned premiums, net of reinsurance 107.6 Reinsurance to close premium received, net
  syndicate_1910_2024    new   row                pyd -45.34     open 448.1      GBP None | row: ...rance Gross premiums written 602,007 Outward reinsurance premiums (190,287) Earned premiums, net of reinsurance 411,720 Reinsurance to close premium received, net
  syndicate_1919_2022    new   row                pyd 82.221     open 885.053    USD rag_triangle | row: ...ateralised through a combination of the ring fencing of a bond portfolio and the funds withheld account relating to the LPT. The current recoverable is $308.6m wh
  syndicate_1919_2023    new   row                pyd -33.959    open 1002.044   USD rag_triangle | row: ...ateralised through a combination of the ring fencing of a bond portfolio and the funds withheld account relating to the LPT. The current recoverable is $274.7m (2
  syndicate_1945_2023    new   row                pyd -5.034     open 197.926    GBP rag_triangle | row: ... held in respect of the risk posed by excess claims inflation. As at year end on a net of reinsurance (including net of LPT) basis, a loading of £1.5m is being he
  syndicate_1945_2024    new   row                pyd -64.7      open 220.243    GBP rag_provisions | row: ...eserves, representing 4.2% of total Syndicate gross loss reserves and 6.7% of total Syndicate net loss reserves (net of LPT). As at prior year end, margin of £8.1
  syndicate_1955_2022    new   row                pyd 30.511     open 418.211    GBP rag_triangle | row: ...Allocated investment return transferred from non-technical account (7,326) Other technical income, net of reinsurance - Reinsurance to close premium received, net
  syndicate_1955_2023    new   row                pyd 6.565      open 813.594    GBP rag_triangle | row: ...3 Allocated investment return transferred from non-technical account 9,958 Other technical income, net of reinsurance - Reinsurance to close premium received, net
  syndicate_1955_2024    new   row                pyd -30.3      open 912.625    GBP rag_provisions | row: ...0,826 (124,767) Premiums written, net of reinsurance Allocated investment return transferred from non-technical account Reinsurance to close premium received, net
  syndicate_1967_2022    new   row                pyd 45.457     open 561.739    USD rag_triangle | row: ...y, as detailed further in the Directors Report and Note 4. Nonetheless, losses arising from COVID-19 (net losses before LPT of $121.5m) and associated reinsurance
  syndicate_1969_2015    new   row                pyd -1.8       open 88.819     GBP rag_triangle | row: ...584) (7,549) (319) 123,269 20,365 (88,735) (35,755) (16,366) 2,778 1 All premiums written are earned as at 36 months. 2 RITC received of £20,365 was received from
  syndicate_1969_2016    new   row                pyd 13.5       open 165.426    USD rag_triangle | row: ...0) (8,399) 6,694 259,400 40,991 (180,360) (80,892) (22,809) 16,330 1 All premiums written are earned as at 36 months. 2 RITC received of $40,991,000 (net of antic
  syndicate_1969_2017    new   row                pyd 9.5        open 230.962    USD rag_triangle | row: ...377) 4,148 Reinsurance 88,065 17,352 (70,170) (27,976) (5,446) 1,825 288,218 56,789 (229,652) (91,559) (17,823) 5,973 1 RITC received of $56,789,000 (net of antic
  syndicate_1969_2018    new   row                pyd 80.1       open 377.328    USD rag_triangle | row: ...45,170) Reinsurance 93,153 24,985 (127,494) (27,516) 9,817 (27,055) 297,226 79,722 (406,814) (87,795) 45,436 (72,225) 1 RITC received of $79,722,000 (net of antic
  syndicate_1969_2019    new   row                pyd 39.9       open 568.26     USD rag_triangle | row: ...,432) Reinsurance 125,746 3,468 (122,536) (36,189) 6,452 (23,059) 321,986 138,712 (569,942) (91,596) 121,349 (79,491) 1 RITC received of $138,712,000 (net of anti
  syndicate_1969_2020    new   row                pyd 12.3       open 609.34     USD rag_triangle | row: ...01) Reinsurance 144,496 55,104 (189,786) (39,736) 27,835 (2,087) 422,817 186,142 (643,139) (113,938) 136,530 (11,588) 1 RITC received of $186,142,000 (net of anti
  syndicate_1969_2021    new   row                pyd 26.8       open 673.033    USD rag_triangle | row: ...2,844 Reinsurance 176,939 24,564 (112,942) (46,247) (30,463) 11,851 520,615 91,854 (460,715) (133,582) (3,477) 14,695 1 RITC received of $91,854,000 (net of antic
  syndicate_1969_2022    8th   scan,row           pyd 29.6       open 724.298    USD rag_triangle | RITC scan: an inward RITC in 2022: The only item to report is that the 2020 and prior years of account of Syndicate 6133 have been reinsured to close into the syndicate.
  syndicate_1969_2023    8th   scan,row           pyd 50.8       open 819.767    USD rag_triangle | RITC scan: an inward RITC in 2023: The 2021 and prior years of account of Syndicate 6133 and Syndicate 1971 have been reinsured to close into the syndicate.
  syndicate_1969_2024    new   row                pyd 107.7      open 901.524    USD rag_triangle | row: ...0,672 Reinsurance 182,015 103,866 (317,339) (57,611) 81,560 (7,509) 596,292 226,765 (967,375) (179,075) 326,556 3,163 1 RITC received of $226,765,000 (net of anti
  syndicate_1971_2024    new   row                pyd 10.055     open 419.12     USD rag_triangle | row: ...171) 33,035 Reinsurance 30,586 96,288 (214,897) (5,015) 87,817 (5,221) 268,881 96,288 (361,767) (43,234) 67,646 27,814 *RITC received of $96,288,000 (net of antic
  syndicate_1975_2021    new   row                pyd -9.539     open 81.617     GBP rag_triangle | row: ...loss movements on the prior years. The reinsurance recovery included within the Net Technical Provisions as part of the LPT was £28.0m. 3. Net operating expenses 
  syndicate_1975_2022    new   row                pyd -39.136    open 79.921     GBP rag_triangle | row: ...oss movements. The reinsurance recovery included within the Net Technical Provisions at 31 December 2022 as part of the LPT and QS was £103.7m (2021: £28.8m). Dep
  syndicate_1991_2016    new   row                pyd 23.157     open 36.521     GBP rag_triangle | row: ... and commissions 136 (5,423) (5,287) Reinsurance to Close premium received Gross £000 Reinsurers' share £000 Total £000 Reinsurance to close received at 1 January
  syndicate_1991_2017    new   row                pyd 27.876     open 77.553     GBP rag_triangle | row: ...missions 2,559 (1,988) 571 Reconciliation of Reinsurance to Close received Gross £000 Reinsurers' share £000 Total £000 Reinsurance to close received at 1 January
  syndicate_1991_2018    new   row                pyd 75.974     open 107.368    GBP None | row: ...ssions (1,685) 3,202 1,517 Reconciliation of Reinsurance to Close received Gross £000 Reinsurers' share £000 Total £000 Reinsurance to close received at 1 January
  syndicate_1991_2019    new   row                pyd 58.418     open 145.985    GBP rag_triangle | row: ...ions (8,836) 2,014 (6,822) Reconciliation of Reinsurance to Close received Gross £000 Reinsurers' share £000 Total £000 Reinsurance to close received at 1 January
  syndicate_1991_2020    new   row                pyd 114.371    open 160.783    GBP rag_triangle | row: ... 36 months - 31 December 2020 Reconciliation of Reinsurance to Close as at 36 months Reinsurers’ Total £000 Gross share Reinsurance to close received at 1 January
  syndicate_2003_2018    new   passage,row        pyd 419.0      open 5344.064   USD rag_triangle | text: ...CE LIABILITIES AND REINSURANCE ASSETS NOTES TO THE FINANCIAL STATEMENTS (CONTINUED) FOR THE YEAR ENDED 31 DECEMBER 2018 2018 Provision for unearned premium Claim
  syndicate_2003_2019    8th   passage,row        pyd 200.0      open 5921.697   USD rag_triangle | text: ...ES AND REINSURANCE ASSETS (CONTINUED) NOTES TO THE FINANCIAL STATEMENTS (CONTINUED) FOR THE YEAR ENDED 31 DECEMBER 2019 2018 Provision for Claims unearned premiu
  syndicate_2007_2015    new   row                pyd -2.0       open 1162.555   GBP None | row: ...00 Technical provision movement in 2013 calendar year 140,339 Technical provision movement in 2014 calendar year 29,488 Reinsurance to close premium received at 3
  syndicate_2008_2015    new   scan               pyd -8.2       open 308.138    GBP rag_provisions | RITC scan: an inward RITC in 2015: Claims incurred but not reported 62,830 (7,608) 55,222 52,345 (5,000) 47,345) Balance at 31 December 327,927 (98,307) 229,620 308,138 (
  syndicate_2008_2016    new   scan               pyd -12.896    open 327.957    GBP None | RITC scan: an inward RITC in 2016: 79) 179,214 Claims incurred but not reported 62,860 (7,608) 55,222 52,345 (5,000) 47,345 Balance at 1 January 327,957 (98,307) 229,620 
  syndicate_2008_2018    new   scan               pyd 0.002      open 369.552    GBP None | RITC scan: an inward RITC in 2018: Claims notified Claims incurred but not reported Balance at 1 January RITC take on reserves Change in prior year provisions Claims paid
  syndicate_2008_2019    new   scan               pyd 14.053     open 1331.49    GBP confirmed_figure | RITC scan: an inward RITC in 2019: Claims notified Claims incurred but not reported Balance at 1 January RITC take on reserves Change in prior year provisions Claims paid
  syndicate_2008_2023    8th   scan,row           pyd 79.213     open 1186.259   GBP rag_triangle | RITC scan: an inward RITC in 2023: The above movements also include the take-on balances of the RITC with Syndicate 1301 (amounting to £235.0m Gross and £158.0m Net) and 
  syndicate_2010_2014    new   row                pyd -0.917     open 295.177    GBP None | row: ...s 8,026) 8,364) 8,076) 9,349) 7,756) 7,133) 8,715) Net earned premiums 5,954) 6,164) 5,585) 6,798) 5,993) 5,515) 6,608) Reinsurance to close received from an earl
  syndicate_2010_2015    new   row                pyd -9.646     open 421.809    USD confirmed_figure | row: ...s 7,590) 8,026) 8,364) 8,076) 9,349) 7,756) 7,133) Net earned premiums 5,506) 5,954) 6,164) 5,585) 6,798) 5,993) 5,515) Reinsurance to close received from an earl
  syndicate_2010_2016    new   row                pyd 12.007     open 331.302    USD rag_provisions_text | row: ...ritten premiums 6,026 7,590 8,026 8,364 8,076 9,349 7,756 Net earned premiums 4,735 5,506 5,954 6,164 5,585 6,798 5,993 Reinsurance to close received from an earl
  syndicate_2010_2017    new   row                pyd 52.141     open 302.684    USD rag_provisions_text | row: ...ritten premiums 6,534 6,026 7,590 8,026 8,364 8,076 9,349 Net earned premiums 5,056 4,735 5,506 5,954 6,164 5,585 6,798 Reinsurance to close received from an earl
  syndicate_2010_2018    new   row                pyd -15.755    open 488.317    USD confirmed_figure | row: ...8) Increase in creditors 10,316 Increase in accruals and deferred income 247 Non cash consideration received as part of RITC received 14 (79,456) Net cash inflow 
  syndicate_2010_2019    new   row                pyd -18.659    open 485.327    USD rag_triangle | row: ...) Increase in creditors 109,281 Increase in accruals and deferred income 193 Non cash consideration received as part of RITC received 14 (77,628) Net cash inflow 
  syndicate_2010_2020    new   row                pyd 63.984     open 466.959    USD None | row: ... Increase in creditors 11,188 Increase in accruals and deferred income 1,061 Non cash consideration received as part of RITC received 14 (70,823) Net cash inflow 
  syndicate_2010_2021    new   row                pyd 24.139     open 485.17     USD None | row: ...7 Increase in creditors 2,142 Increase in accruals and deferred income (272) Non cash consideration received as part of RITC received 15 (76,692) Net cash inflow 
  syndicate_2010_2022    new   row                pyd 88.663     open 566.774    USD None | row: ... Increase in creditors 66,070 Increase in accruals and deferred income 2,235 Non cash consideration received as part of RITC received 15 (99,598) Net cash inflow 
  syndicate_2010_2023    new   row                pyd 15.992     open 670.714    USD None | row: ... Increase in creditors 33,626 Increase in accruals and deferred income 1,990 Non cash consideration received as part of RITC received 15 (68,350) Net cash inflow 
  syndicate_2010_2024    new   row                pyd 42.907     open 556.653    USD rag_triangle | row: ...8) Increase in creditors 92,461 Increase in accruals and deferred income 548 Non cash consideration received as part of RITC received 15 (48,297) Net cash inflow 
  syndicate_2014_2017    new   row                pyd 4.024      open 141.815    GBP None | row: ... Annual Accounts on page 28. Reconciliation of reinsurance to close received Gross Reinsurers’ share Net £000 £000 £000 Reinsurance to close premium received at 1
  syndicate_2019_2023    new   row                pyd -38.7      open 598.6      USD rag_triangle | row: ...received 2020 year of account closure at 31 December 2022 $m Provision for reported claims 55.0 Provision for IBNR 70.4 Reinsurance to close premium received 125.
  syndicate_2019_2024    new   row                pyd -32.59     open 608.049    USD rag_triangle | row: ...tten 3 606,617 Outwards reinsurance premiums - Net premiums written 606,617 Earned premiums, net of reinsurance 606,617 Reinsurance to close premium received 9 17
  syndicate_218_2015     new   row                pyd -11.244    open 577.705    GBP rag_triangle | row: ...ance Gross premiums written 2 425,243 Outward reinsurance premiums (77,809) Earned premiums, net of reinsurance 347,434 Reinsurance to close premium received, net
  syndicate_218_2016     new   row                pyd 88.896     open 570.85     GBP rag_triangle | row: ...ance Gross premiums written 2 380,447 Outward reinsurance premiums (34,103) Earned premiums, net of reinsurance 346,344 Reinsurance to close premium received, net
  syndicate_218_2017     new   row                pyd -41.916    open 713.183    GBP rag_triangle | row: ...ance Gross premiums written 2 386,192 Outward reinsurance premiums (13,671) Earned premiums, net of reinsurance 372,521 Reinsurance to close premium received, net
  syndicate_218_2018     new   row                pyd -116.005   open 752.821    GBP rag_triangle | row: ...ance Gross premiums written 2 415,494 Outward reinsurance premiums (38,248) Earned premiums, net of reinsurance 377,246 Reinsurance to close premium received, net
  syndicate_218_2019     new   row                pyd -29.0      open 591.079    GBP rag_triangle | row: ...ance Gross premiums written 2 375,914 Outward reinsurance premiums (20,975) Earned premiums, net of reinsurance 354,939 Reinsurance to close premium received, net
  syndicate_218_2020     new   row                pyd -24.5      open 577.773    GBP rag_triangle | row: ...ance Gross premiums written 2 326,362 Outward reinsurance premiums (28,519) Earned premiums, net of reinsurance 297,843 Reinsurance to close premium received, net
  syndicate_2232_2020    new   row                pyd 55.227     open 396.533    GBP rag_triangle | row: ...00 2019 £000 At 1 January (175,648) (203,101) 54,976 66,355 Movement in provision (10,795) 23,924 11,136 (10,711) Less: portfolio transfer (1,721) (2,388) 704 814
  syndicate_2232_2021    new   row                pyd 7.572      open 403.686    GBP rag_triangle | row: ...000 2020 £000 At 1 January (186,512) (175,648) 64,007 54,976 Movement in provision 22,564 (12,516) (5,913) 12,654 Less: portfolio transfer 1,721 2,388 (704) (814)
  syndicate_2232_2022    new   row                pyd -14.204    open 424.046    GBP rag_triangle | row: ...£000 2021 £000 At 1 January (158,031) (186,512) 55,896 64,007 Movement in provision (12,699) 22,564 1,147 (5,913) Less: portfolio transfer 1,715 1,721 (701) (704)
  syndicate_2232_2023    new   row                pyd -12.667    open 533.793    GBP rag_triangle | row: ...£000 2022 £000 At 1 January (178,585) (158,031) 59,189 55,896 Movement in provision (17,726) (12,699) 9,857 1,147 Less: portfolio transfer 1,905 1,715 (780) (701)
  syndicate_2468_2016    new   row                pyd 158.048    open 551.198    GBP rag_triangle | row: ...6 £000 Gross premiums written 2 190,373 Outward reinsurance premium (31,215) Earned premiums net of reinsurance 159,158 Reinsurance to close premium received, net
  syndicate_2488_2019    8th   scan               pyd -2.959     open 956.51     GBP rag_triangle | RITC scan: an inward RITC in 2019: With effect from 1 January 2019, Syndicate 2488 accepted the reinsurance to close of the liabilities of Syndicate 1882.
  syndicate_2791_2015    8th   scan,passage       pyd -2.131     open 342.27     GBP confirmed_figure | RITC scan: an inward RITC in 2015: Reinsurance to Close Premium Received from Syndicate 6103 At 1 January 2015, Syndicate 2791 accepted a Reinsurance to Close Premium fro
  syndicate_2791_2017    8th   scan,passage       pyd -11.35     open 350.266    GBP rag_triangle | RITC scan: an inward RITC in 2017: Reinsurance to Close Premium Received from Syndicate 6103 At 1 January 2017, Syndicate 2791 accepted a Reinsurance to Close Premium fro
  syndicate_2791_2018    8th   scan,passage       pyd -9.783     open 350.548    GBP rag_triangle | RITC scan: an inward RITC in 2018: Reinsurance to Close Premium Received from Syndicate 6103 At 1 January 2018, Syndicate 2791 accepted a Reinsurance to Close Premium fro
  syndicate_2791_2022    8th   scan,passage       pyd -17.497    open 414.649    GBP rag_triangle | RITC scan: an inward RITC in 2022: Reinsurance to Close Premium Received from Syndicate 6103 At 1 January 2022, Syndicate 2791 accepted a Reinsurance to Close Premium fro
  syndicate_2791_2023    8th   scan,passage       pyd -35.529    open 596.911    GBP rag_triangle | RITC scan: an inward RITC in 2023: Reinsurance to Close Premium Received from Syndicate 6103 At 1 January 2023, Syndicate 2791 accepted a Reinsurance to Close Premium fro
  syndicate_2791_2024    8th   passage            pyd -36.191    open 545.891    GBP rag_triangle | text: ...Reinsurance to Close Premium Received from Syndicate 6103 At 1 January 2024, Syndicate 2791 accepted a Reinsurance to close Premium from Syndicate 6103 in respec
  syndicate_3000_2017    8th   scan,passage,row   pyd -8.1       open 1103.264   GBP rag_triangle | RITC scan: an inward RITC in 2017: aims outstanding Gross £'000 Reinsurance £'000 Net £'000 Gross £'000 Reinsurance £'000 Net £'000 At 1 January 1,103,264 154,099 949,165
  syndicate_318_2015     new   row                pyd -13.978    open 149.101    GBP None | row: ...alised losses on investments 631 Net realised foreign exchange gains (2,681) Net cash consideration received as part of RITC received 15 (86,961) RITC premium pay
  syndicate_318_2016     new   row                pyd -13.996    open 135.946    GBP None | row: ...alised losses on investments 283 Net realised foreign exchange gains (8,157) Non cash consideration received as part of RITC received 15 (87,206) RITC premium pay
  syndicate_318_2017     new   row                pyd -13.025    open 173.051    GBP None | row: ...nrealised losses on investments 25 Net realised foreign exchange gains 3,078 Non cash consideration received as part of RITC received 15 (86,576) RITC premium pay
  syndicate_318_2018     new   row                pyd -14.241    open 269.667    GBP None | row: ...alised gains on investments (34) Net realised foreign exchange gains (2,881) Non cash consideration received as part of RITC received 15 (72,627) RITC premium pay
  syndicate_318_2019     new   row                pyd -3.8       open 263.909    GBP rag_triangle | row: ...ealised gains on investments (220) Net realised foreign exchange gains 2,070 Non cash consideration received as part of RITC received 15 (48,215) RITC premium pay
  syndicate_318_2020     new   row                pyd -13.0      open 189.346    GBP rag_triangle | row: ...alised losses on investments (126) Net realised foreign exchange gains 2,243 Non cash consideration received as part of RITC received 15 (41,977) RITC premium pay
  syndicate_318_2021     new   row                pyd -20.6      open 194.792    GBP rag_triangle | row: ...nrealised gains on investments 498 Net realised foreign exchange gains (903) Non cash consideration received as part of RITC received 15 (49,278) RITC premium pay
  syndicate_318_2022     new   row                pyd -1.1       open 200.588    GBP rag_triangle | row: ...lised gains on investments 1,198 Net realised foreign exchange gains (7,245) Non cash consideration received as part of RITC received 15 (66,038) RITC premium pay
  syndicate_318_2023     new   row                pyd -12.2      open 268.965    GBP rag_triangle | row: ...ised losses on investments (1,674) Net realised foreign exchange gains 3,793 Non cash consideration received as part of RITC received 15 (75,819) RITC premium pay
  syndicate_318_2024     new   passage,row        pyd -67.098    open 217.138    GBP rag_triangle | text: ...38 Cincinnati Global Syndicate 0318 Notes to the financial statements for the year ended 31 December 2024 continued (p) RITC and Portfolio Transfer Policy contin
  syndicate_3268_2020    8th   passage,row        pyd 4.216      open 71.068     GBP rag_triangle | text: ...Technical provisions 2020 Gross provisions £’000 Reinsurance assets £’000 Net £’000 Claims outstanding Balance at 1 January 71,068 (20,435) 50,633 Change in clai
  syndicate_3268_2021    8th   passage,row        pyd -0.008     open 114.556    GBP rag_triangle | text: ...Technical provisions 2021 Gross provisions £’000 Reinsurance assets £’000 Net £’000 Claims outstanding Balance at 1 January 114,556 (38,248) 76,308 Change in cla
  syndicate_3330_2017    8th   scan,passage       pyd -0.99      open 14.059     GBP rag_triangle | RITC scan: an inward RITC in 2017: On 1 January 2017, the 2017 year of account accepted the Reinsurance to Close (RITC) of the 2014 year of account which consisted of the
  syndicate_33_2016      new   row                pyd -72.914    open 1222.159   GBP rag_triangle | row: ...rance Gross premiums written 815,597 Outward reinsurance premiums (276,511) Earned premiums, net of reinsurance 539,086 Reinsurance to close premium received, net
  syndicate_33_2017      new   row                pyd -68.84     open 1513.556   GBP rag_triangle | row: ...rance Gross premiums written 891,710 Outward reinsurance premiums (298,776) Earned premiums, net of reinsurance 592,934 Reinsurance to close premium received, net
  syndicate_33_2018      new   row                pyd -90.932    open 2519.918   USD rag_triangle | row: ...nce Gross premiums written 1,484,961 Outward reinsurance premiums (588,191) Earned premiums, net of reinsurance 896,770 Reinsurance to close premium received, net
  syndicate_33_2019      new   row                pyd 61.038     open 2734.141   USD rag_triangle | row: ...nce Gross premiums written 1,497,384 Outward reinsurance premiums (744,595) Earned premiums, net of reinsurance 752,789 Reinsurance to close premium received, net
  syndicate_33_2020      new   row                pyd -124.701   open 3493.143   USD rag_triangle | row: ...nce Gross premiums written 1,913,617 Outward reinsurance premiums (916,447) Earned premiums, net of reinsurance 997,170 Reinsurance to close premium received, net
  syndicate_33_2021      new   row                pyd -223.23    open 3725.027   USD rag_triangle | row: ...Gross premiums written 2,044,230 Outward reinsurance premiums (1,043,898) Earned premiums, net of reinsurance 1,000,332 Reinsurance to close premium received, net
  syndicate_33_2022      new   row                pyd -281.129   open 3674.543   USD rag_triangle | row: ...inception is recognised as outward reinsurance premium in the income statement. The numbers quoted above for the second LPT are 87.5% of total 100% exposure/place
  syndicate_33_2023      new   row                pyd -125.639   open 3605.183   USD rag_triangle | row: ...on net loss at inception is recognised as outward insurance premium in the income statement. The numbers quoted for the LPT are 87.5% of total 100% exposure/place
  syndicate_33_2024      new   row                pyd -54.95     open 3503.85    USD rag_triangle | row: ...e Gross premiums written 2,103,450 Outward reinsurance premiums (835,236) Earned premiums, net of reinsurance 1,268,214 Reinsurance to close premium received, net
  syndicate_3500_2019    8th   scan               pyd 26.444     open 259.79     GBP rag_triangle | RITC scan: an inward RITC in 2019: On 1* January 2019, Syndicate 3500 accepted the reinsurance to close of the liabilities of another Lloyd’s syndicate, a runoff syndicat
  syndicate_3500_2021    8th   scan,passage,row   pyd 109.086    open 770.428    USD rag_triangle | RITC scan: an inward RITC in 2021: This transaction results in the transfer to Syndicate 3500 of gross and net technical provisions of $17.6 million and $17.3 million res
  syndicate_3500_2022    8th   scan,row           pyd -291.756   open 2615.345   USD rag_triangle | RITC scan: an inward RITC in 2022: This transaction resulted in the transfer to Syndicate 3500 of gross and net technical provisions of $13.4 million and $13.4 million, r
  syndicate_3500_2023    8th   scan               pyd -47.666    open 2962.436   USD rag_triangle | RITC scan: an inward RITC in 2023: illion, respectively, this replaces a previously recorded loss portfolio transfer with gross and net liabilities of $201.9 million as a
  syndicate_386_2020     new   row                pyd 43.9       open 1250.1     GBP rag_triangle | row: ...reinsurance Gross premiums written 2 320.1 Outward reinsurance premiums (26.3) Earned premium, net of reinsurance 293.8 Reinsurance to close premium received, net
  syndicate_386_2022     new   row                pyd 103.8      open 1269.6     GBP rag_triangle | row: ...reinsurance Gross premiums written 2 372.4 Outward reinsurance premiums (25.1) Earned premium, net of reinsurance 347.3 Reinsurance to close premium received, net
  syndicate_386_2023     new   row                pyd 60.4       open 1355.6     GBP rag_triangle | row: ...einsurance Gross premiums written 2 443.9 Outward reinsurance premiums (162.6) Earned premium, net of reinsurance 281.3 Reinsurance to close premium received, net
  syndicate_386_2024     new   row                pyd 48.491     open 1360.041   GBP rag_triangle | row: ...ance Gross premiums written 2 438,394 Outward reinsurance premiums (172,406) Earned premium, net of reinsurance 265,988 Reinsurance to close premium received, net
  syndicate_4000_2023    8th   passage,row        pyd -18.865    open 738.807    GBP rag_triangle | text: ...Deferred Acquisition Costs 2023 2022 £000 £000 Balance at 1 January 62,877 52,637 Change in deferred acquisition costs 15,295 4,419 Effect of exchange rates (2,4
  syndicate_4020_2016    new   row                pyd 25.303     open 448.37     GBP rag_triangle | row: ...ical account Earned premiums, net of reinsurance Gross premiums written 3 312,531 Outwards reinsurance premium (96,614) Reinsurance to close premium received, net
  syndicate_4020_2017    new   row                pyd 21.188     open 512.293    GBP rag_triangle | row: ...ical account Earned premiums, net of reinsurance Gross premiums written 3 289,368 Outwards reinsurance premium (86,754) Reinsurance to close premium received, net
  syndicate_4020_2018    new   row                pyd 43.863     open 497.27     GBP rag_triangle | row: ...ical account Earned premiums, net of reinsurance Gross premiums written 3 265,994 Outwards reinsurance premium (48,607) Reinsurance to close premium received, net
  syndicate_4242_2021    new   row                pyd 9.493      open 431.275    USD rag_triangle | row: ...0 Claims outstanding Balance at 1 January 431,275 (292,878) 138,397 Change in claims outstanding (15,982) 67,360 51,378 RITC accepted from SPA 6123 - 1,421 1,540 
  syndicate_4242_2022    new   row                pyd -44.371    open 415.378    USD rag_triangle | row: ...aims Outstanding: Balance at 1 January 415,378 (224,097) 191,281 Claims incurred during the year (46,983) 76,401 29,418 RITC accepted from SPA 6123 - 5,909 5,909 
  syndicate_4242_2023    new   row                pyd -7.19      open 368.995    USD rag_triangle | row: ...ng: Balance at 1 January 415,378 (224,097) 191,281 Change in the provision of Claims Outstanding (46,983) 76,401 29,418 RITC accepted from SPA 6123 - 5,909 5,909 
  syndicate_435_2017     8th   passage            pyd -30.689    open 743.418    GBP rag_triangle | text: ...A reinsurance to close Report of the Directors of the Managing Agent 31 December 2017 4 arrangement of Syndicate 2255 was carried out as at 31 December 2017; its
  syndicate_435_2018     8th   scan,passage       pyd -4.551     open 1015.305   GBP rag_triangle | RITC scan: an inward RITC in 2018: A reinsurance to close arrangement of Syndicate 2255 was carried out as at 31 December 2017; its assets and liabilities were transferre
  syndicate_4444_2016    8th   passage            pyd 4.362      open 912.779    GBP rag_triangle | text: ...At 31 December 2016, Syndicate 4444 accepted the reinsurance to close for the 2014 year of account of Syndicate 260, its final underwriting year....
  syndicate_4444_2017    8th   passage            pyd 118.224    open 1200.561   GBP rag_triangle | text: ...At 31 December 2017, Syndicate 4444 accepted the reinsurance to close for the 2015 year of account of Syndicate 958, its final underwriting year....
  syndicate_4444_2018    8th   scan,row           pyd 88.583     open 1547.219   GBP rag_triangle | RITC scan: an inward RITC in 2018: At 31 December 2017, Syndicate 4444 accepted the reinsurance to close for the 2015 year of account of Syndicate 958, its final underwri
  syndicate_4444_2019    new   row                pyd 12.465     open 1949.555   GBP rag_triangle | row: ...000 £000 At 1 January 174,689 144,334 Change in deferred acquisition costs 65,481 25,134 Foreign exchange (5,396) 5,094 RITC received - 127 At 31 December 234,774
  syndicate_4444_2022    new   passage,row        pyd 34.9       open 1980.61    GBP confirmed_figure | text: ...ising out of reinsurance operations 2022 2021 £000 £000 Due within one year Reinsurance accepted 13,060 14,087 Reinsurance ceded 287,590 420,277 300,650 434,364 
  syndicate_4444_2023    8th   scan,passage,row   pyd 48.207     open 2367.884   GBP rag_triangle | RITC scan: an inward RITC in 2023: On 1 January 2023 the 2021 year of account of the Syndicate accepted the RITC of the 2020 year of account of Syndicate 1861.
  syndicate_4444_2024    new   passage,row        pyd -89.1      open 3173.914   USD rag_provisions | text: ...Creditors arising out of reinsurance operations 2024 2023 Restated $000 $000 Reinsurance accepted 21,958 12,994 Reinsurance ceded 526,043 680,776 Total due withi
  syndicate_4472_2021    new   row                pyd -498.9     open 3238.7     GBP None | row: ....6m on 2020. This is largely driven by a reduction in the net loss ratio of 15.9%. Excluding the impact of the Motor XL LPT, the net loss ratio improved by 9.2%. 
  syndicate_4472_2022    new   row                pyd -1.5       open 3291.5     GBP rag_triangle | row: ...£83.9m on 2021. This is largely driven by a change in the net loss ratio of 16.4%. Excluding the impact of the Motor XL LPT, the net loss ratio deteriorated by 9.
  syndicate_510_2015     new   row                pyd 0.1        open 1080.595   GBP rag_triangle | row: ...089) (3,062) 5,774 Enterprise Risk 34,569 (20,870) (14,810) (960) (2,071) 1,160,972 (609,157) (394,239) (80,847) 76,729 RITC received 542,271 (507,909) - 2,579 36
  syndicate_510_2016     new   row                pyd 1.8        open 1070.529   GBP rag_triangle | row: ...,919) (25,146) (4,189) 3,937 Aviation 64,056 (43,268) (21,438) 339 (311) 1,395,837 (742,238) (492,475) (108,824) 52,300 RITC received 544,530 (528,036) – 15,779 3
  syndicate_510_2017     new   row                pyd -10.2      open 1307.362   GBP rag_triangle | row: ... (28,476) (3,519) 11,124 Aviation 51,479 (23,621) (19,635) (4,593) 3,630 1,287,505 (605,309) (481,020) (111,549) 89,627 RITC received 649,921 (603,687) – (5,423) 
  syndicate_510_2019     new   row                pyd -34.0      open 1656.196   GBP rag_triangle | row: ...24,556) 1,093 (25,681) Aviation 59,297 (32,975) (22,000) (1,299) 3,023 1,384,566 (1,053,428) (506,287) 61,029 (114,120) RITC received 787,836 (681,674) - (26,155)
  syndicate_5820_2015    new   row                pyd 10.4       open 67.049     GBP rag_triangle | row: ...insurance Gross premiums written 2 130,091 Outward reinsurance premiums (20,135) Net premium written and earned 109,956 Reinsurance to close premium received, net
  syndicate_5820_2016    new   row                pyd 38.4       open 57.106     GBP rag_triangle | row: ...einsurance Gross premiums written 3 316,540 Outward reinsurance premiums (7,828) Net premium written and earned 308,712 Reinsurance to close premium received, net
  syndicate_5820_2017    new   row                pyd 6.8        open 87.278     GBP rag_triangle | row: ...einsurance Gross premiums written 3 188,046 Outward reinsurance premiums (8,376) Net premium written and earned 179,670 Reinsurance to close premium received, net
  syndicate_609_2014     new   scan,row           pyd -41.2      open 378.654    GBP None | RITC scan: an inward RITC in 2014: BUSINESS AND PERFORMANCE EVALUATION With eﬀ ect from 1 January 2014 the 2011 year of account of Syndicate 570 was reinsured to close in
  syndicate_609_2015     new   row                pyd -47.968    open 543.606    GBP rag_triangle | row: ...726 159,248 ( 26,513) 51,867 Reinsurance 2 9,28 3 11,519 8,608 (2, 404) 6,752 3 92,637 137,245 167,856 (2 8,917) 58,619 RITC received 288,95 8 341,772 – 53,689 87
  syndicate_609_2016     new   row                pyd -47.547    open 540.543    GBP rag_triangle | row: ...02 136,911 153,546 (18,074) 41,271 Reinsurance 19,866 3,468 7,465 (2,846) 6,087 369,668 140,379 161,011 (20,920) 47,358 RITC received 307,523 383,196 – 57,442 (18
  syndicate_609_2017     new   row                pyd -70.442    open 679.387    GBP rag_triangle | row: ... 148,302 163,602 (17,395) 23,012 Reinsurance 32,213 4,776 10,138 (5,189) 12,110 384,524 153,078 173,740 (22,584) 35,122 RITC received 302,905 382,524 – 58,428 (21
  syndicate_609_2018     new   row                pyd -34.13     open 701.094    GBP rag_triangle | row: ...393,827 192,902 176,522 (2,026) 22,377 Reinsurance 54,779 22,820 15,033 2,591 19,517 448,606 215,722 191,555 565 41,894 RITC received 312,047 371,759 – 61,662 1,9
  syndicate_609_2019     new   row                pyd -45.496    open 743.465    GBP rag_triangle | row: ... 202,705 174,222 (22,569) 29,284 Reinsurance 68,755 89,798 13,648 8,213 (26,478) 497,535 292,503 187,870 (14,356) 2,806 RITC received 314,684 387,233 – 69,619 (2,
  syndicate_609_2020     new   row                pyd -26.598    open 686.712    GBP rag_triangle | row: ...89 223,274 193,984 (29,993) 7,638 Reinsurance 57,843 54,379 12,899 7,063 (2,372) 512,732 277,653 206,883 (22,930) 5,266 RITC received 319,500 369,453 — 49,731 (22
  syndicate_609_2021     new   row                pyd -18.753    open 731.704    GBP rag_triangle | row: ...56 283,586 218,959 (25,351) 21,860 Reinsurance 43,412 27,894 10,659 (189) 4,670 593,168 311,480 229,618 (25,540) 26,530 RITC received 346,952 390,594 — 54,254 10,
  syndicate_609_2022     new   row                pyd 11.071     open 789.783    GBP rag_triangle | row: ...244,288 242,221 (46,436) 89,467 Reinsurance 43,226 71,122 8,238 22,642 (13,492) 665,638 315,410 250,459 (23,794) 75,975 RITC received 434,822 503,962 – 61,781 (7,
  syndicate_609_2023     new   row                pyd 153.241    open 1171.381   GBP rag_triangle | row: ...8,858 261,982 118,384 (11,929) Reinsurance 45,068 59,514 11,151 6,305 (19,292) 745,595 628,372 273,133 124,689 (31,221) RITC received 461,704 551,254 – 77,876 (11
  syndicate_609_2024     new   row                pyd 194.623    open 1285.324   GBP rag_triangle | row: ...24,044 257,328 198,740 (80,403) Reinsurance 47,859 68,138 4,527 6,686 (18,120) 750,088 792,182 261,855 205,426 (98,523) RITC received 463,234 559,360 – 82,714 (13
  syndicate_727_2014     new   row                pyd -16.7      open 241.954    GBP None | row: ...y 79,588 Earned premiums, net of reinsurance: Gross premiums written 82,941 Outward reinsurance premiums (1,353) 81,588 Reinsurance to close premium received net 
  syndicate_727_2015     new   row                pyd -5.676     open 236.448    GBP rag_triangle | row: ...te 3 to the accounts provides an analysis by class of business. Within this profit, there was a profit arising from the reinsurance to close received from 2012 ye
  syndicate_727_2016     new   row                pyd -7.098     open 245.893    GBP rag_triangle | row: ...te 3 to the Accounts provides an analysis by class of business. Within this profit, there was a profit arising from the reinsurance to close received from 2013 ye
  syndicate_727_2017     new   row                pyd 2.966      open 271.047    GBP rag_triangle | row: ...te 3 to the Accounts provides an analysis by class of business. Within this profit, there was a profit arising from the reinsurance to close received from 2014 ye
  syndicate_727_2018     new   row                pyd -0.148     open 262.391    GBP rag_triangle | row: ...te 3 to the Accounts provides an analysis by class of business. Within this profit, there was a profit arising from the reinsurance to close received from 2015 ye
  syndicate_727_2020     new   row                pyd -3.319     open 261.259    GBP rag_triangle | row: ...te 3 to the Accounts provides an analysis by class of business. Within this profit, there was a profit arising from the reinsurance to close received from 2017 ye
  syndicate_727_2021     new   row                pyd -10.157    open 268.255    GBP rag_triangle | row: ...te 3 to the Accounts provides an analysis by class of business. Within this profit, there was a profit arising from the reinsurance to close received from 2018 ye
  syndicate_727_2022     new   row                pyd -5.836     open 266.273    GBP rag_triangle | row: ...te 3 to the Accounts provides an analysis by class of business. Within this profit, there was a profit arising from the reinsurance to close received from 2019 ye
  syndicate_727_2023     new   row                pyd -0.431     open 314.671    GBP rag_triangle | row: ...Note 3 to the Accounts provides an analysis by class of business. Within this profit, there was a loss arising from the reinsurance to close received from 2020 ye
  syndicate_727_2024     new   row                pyd 16.599     open 315.08     GBP rag_triangle | row: ...f account was £14.3m equivalent to 15.7% of the final capacity. Within this profit, there was a profit arising from the reinsurance to close received from 2021 ye
exit=0
