working sample 692 (confirmed figures applied 16, confirmed openings 3, take-on bases 0); no filing PDF 0: []
rule scan     listed  30
rule passage  listed  28
rule row      listed  75
listed 107: read in the eighth census's takeon_triangle part 34, to read afresh 73
  syndicate_1084_2014    new   scan               pyd -77.4      open 1332.5     GBP None | RITC scan: an inward RITC in 2014: With effect from 1 January 2014, the Syndicate assumed the liabilities of Syndicate 4000 under a Reinsurance to Close contract, which c
  syndicate_1084_2021    8th   scan               pyd -206.2     open 2840.1     USD rag_triangle | RITC scan: an inward RITC in 2021: Effective 1 January 2021, the Syndicate accepted the reinsurance to close (RITC) of the liabilities of AXA Special Purpose Arrangement 
  syndicate_1084_2022    new   scan,passage       pyd -85.9      open 2896.5     USD None | RITC scan: an inward RITC in 2022: Effective 1 January 2022, the Syndicate accepted the reinsurance to close (RITC) of the liabilities of Syndicate 2088 for the 2019 Year
  syndicate_1084_2023    8th   passage            pyd -47.8      open 3372.9     USD rag_triangle | text: ...2023 2022 $m $m Investment management charges 1.2 1.0 China Re UK Limited, a wholly owned subsidiary of China Reinsurance (Group) Corporation, effected the RITC 
  syndicate_1110_2020    8th   scan,passage       pyd 2.728      open 133.771    GBP rag_triangle | RITC scan: an inward RITC in 2020: Furthermore, in 2020 the Syndicate also accepted the RITC of 3330, ADC cover on 1458 and an LPT from Syndicates 45 and 386.
  syndicate_1110_2022    8th   scan               pyd 9.082      open 221.885    GBP rag_triangle | RITC scan: an inward RITC in 2022: As the Syndicate has accepted the RITC of Syndicate 5678 with effect from 1 January 2022 into the 2020 year of account and has a pipeli
  syndicate_1176_2022    new   row                pyd -8.097     open 37.582     GBP rag_triangle | row: ...07) (221) 5,058 Reinsurance acceptances: Reinsurance 21,535 21,535 (4,256) (6,100) (431) 10,748 Movements in respect of RITC received 22,922 22,922 (17,294) 102 -
  syndicate_1176_2023    new   row                pyd -7.56      open 38.646     GBP rag_triangle | row: ...670) (169) 5,359 Reinsurance acceptances: Reinsurance 18,869 18,869 (3,497) (6,207) (373) 8,792 Movements in respect of RITC received 24,003 24,003 (17,438) (21) 
  syndicate_1176_2024    new   row                pyd -6.286     open 41.426     GBP rag_triangle | row: ...0 9,377 9,377 (1,586) (2,528) (829) 4,434 Reinsurance 22,206 22,206 (7,605) (5,661) (515) 8,425 Movements in respect of RITC received 22,461 22,461 (18,072) (326)
  syndicate_1183_2015    new   row                pyd -61.5      open 1352.0     USD rag_triangle | row: ...917.6 Gross premiums 1 548.6 549.2 754.2 807.5 834.6 839.0 861.5 Net premiums 465.0 457.6 571.6 607.2 636.2 657.1 665.7 Reinsurance to close received 260.7 330.2 
  syndicate_1183_2016    new   row                pyd 31.8       open 1302.6     USD rag_triangle | row: ...765.0 Gross premiums 1 549.2 754.2 807.5 834.6 839.0 861.5 811.2 Net premiums 457.6 571.6 607.2 636.2 657.1 665.7 641.3 Reinsurance to close received 330.2 409.0 
  syndicate_1183_2017    new   row                pyd -23.2      open 1301.5     USD rag_triangle | row: ...843.8 Gross premiums 1 754.2 807.5 834.6 839.0 861.5 811.2 798.1 Net premiums 571.6 607.2 636.2 657.1 665.7 641.3 644.2 Reinsurance to close received 409.0 484.4 
  syndicate_1183_2018    new   row                pyd 33.8       open 1542.5     USD rag_triangle | row: ...765.3 Gross premiums 1 807.5 834.6 839.0 861.5 811.2 798.1 750.3 Net premiums 607.2 636.2 657.1 665.7 641.3 644.2 596.4 Reinsurance to close received 484.4 566.9 
  syndicate_1200_2015    new   row                pyd 0.5        open 430.0      GBP rag_triangle | row: ...1.1 6.7 19.2 395.0 3. Reinsurance premium received to close the 2012 account and previous 2012 year of account £m Gross reinsurance to close received 218.7 ------
  syndicate_1200_2016    new   row                pyd 20.0       open 450.6      GBP rag_triangle | row: ...5 15.3 125.9 389.3 3. Reinsurance premium received to close the 2013 account and previous 2013 year of account £m Gross reinsurance to close received 270.2 ------
  syndicate_1200_2017    new   row                pyd 44.9       open 586.6      GBP rag_triangle | row: ...3 18.2 114.9 435.1 3. Reinsurance premium received to close the 2014 account and previous 2014 year of account £m Gross reinsurance to close received 285.9 ------
  syndicate_1200_2018    new   row                pyd 85.5       open 772.3      GBP rag_triangle | row: ...---------------------------- Increase in creditors 88.3 (8.5) Cash flow for Investing activities Cash received with net RITC received 1.3 ------------------------
  syndicate_1200_2019    new   row                pyd 107.6      open 767.4      GBP rag_triangle | row: ...7 19.8 153.7 601.4 3. REINSURANCE PREMIUM RECEIVED TO CLOSE THE 2016 ACCOUNT AND PREVIOUS 2016 year of account £m Gross reinsurance to close received 383.4 Reinsu
  syndicate_1200_2020    new   row                pyd 54.4       open 798.7      GBP rag_triangle | row: ...0 28.7 156.2 544.7 3. REINSURANCE PREMIUM RECEIVED TO CLOSE THE 2017 ACCOUNT AND PREVIOUS 2018 year of account £m Gross reinsurance to close received 492.9 Reinsu
  syndicate_1200_2021    new   row                pyd 28.0       open 839.0      GBP rag_triangle | row: ...27.2 49.5 56.0 35.7 115.1 556.8 3. REINSURANCE PREMIUM RECEIVED TO CLOSE THE 2018 ACCOUNT 2019 year of account £m Gross reinsurance to close received 169.2 Reinsu
  syndicate_1200_2022    new   row                pyd -17.1      open 649.0      GBP rag_triangle | row: ... 24.5 54.2 33.8 41.7 76.1 503.1 3. REINSURANCE PREMIUM RECEIVED TO CLOSE THE 2019 ACCOUNT 2020 year of account £m Gross reinsurance to close received 316.3 Reinsu
  syndicate_1200_2024    new   row                pyd 38.761     open 533.279    GBP rag_triangle | row: ...49,065 51,549 109,309 621,076 3. REINSURANCE PREMIUM RECEIVED TO CLOSE THE 2021 ACCOUNT 2022 year of account £000 Gross reinsurance to close received 194,831 Rein
  syndicate_1254_2023    8th   scan               pyd 10.525     open 55.574     GBP rag_triangle | RITC scan: an inward RITC in 2023: 6) 403 (1,523) Foreign exchange 14 - 14 At 31 December 2022 595 - 595 2023 Gross Reinsurers’ share Net £000 £000 £000 At 1 January 2023
  syndicate_1686_2020    8th   passage            pyd 54.007     open 727.385    USD rag_triangle | text: ...Closure of Syndicate 2007 and Syndicate 6129 and Reinsurance-to-Close transactions Following the closure of Syndicate 2007 and Syndicate 6129 effective 31 Decemb
  syndicate_1856_2024    8th   passage,row        pyd 140.888    open 600.368    USD rag_triangle | text: ...Dollar (note 2) Reports & Accounts Syndicate 1856 49 Technical Provisions - claims outstanding Gross Reinsurer’s share Net 2024* $'000 $'000 $'000 At 1 January 2
  syndicate_1861_2019    new   row                pyd 22.179     open 510.238    GBP rag_triangle | row: ...iation of opening and closing deferred acquisition costs is as follows: 2019 2018 £000 £000 At 1 January 128,669 49,852 RITC adjustment1 (4,350) - Adjusted 1 Janu
  syndicate_1884_2021    8th   scan,passage,row   pyd -20.1      open 73.709     GBP rag_triangle | RITC scan: an inward RITC in 2021: The Syndicate accepted the RITC of the 2018 YOA of Syndicates 1861 and 1955 effective 1 January 2021.
  syndicate_1910_2018    new   row                pyd 1.91       open 322.1      GBP rag_triangle | row: ...----------------------------------------------------------------------------------- Overseas deposits received from net RITC received (1.7) Net cash outflow from 
  syndicate_1910_2024    new   row                pyd -45.34     open 448.1      GBP None | row: ...602,007 3. REINSURANCE PREMIUM RECEIVED TO CLOSE THE 2021 AND PREVIOUS YEARS OF ACCOUNT 2022 year of account £000 Gross reinsurance to close received 126,180 Rein
  syndicate_1969_2022    8th   scan               pyd 29.6       open 724.298    USD rag_triangle | RITC scan: an inward RITC in 2022: The only item to report is that the 2020 and prior years of account of Syndicate 6133 have been reinsured to close into the syndicate.
  syndicate_1969_2023    8th   scan               pyd 50.8       open 819.767    USD rag_triangle | RITC scan: an inward RITC in 2023: The 2021 and prior years of account of Syndicate 6133 and Syndicate 1971 have been reinsured to close into the syndicate.
  syndicate_2003_2018    new   passage,row        pyd 419.0      open 5344.064   USD rag_triangle | text: ...CE LIABILITIES AND REINSURANCE ASSETS NOTES TO THE FINANCIAL STATEMENTS (CONTINUED) FOR THE YEAR ENDED 31 DECEMBER 2018 2018 Provision for unearned premium Claim
  syndicate_2003_2019    8th   passage,row        pyd 200.0      open 5921.697   USD rag_triangle | text: ...ES AND REINSURANCE ASSETS (CONTINUED) NOTES TO THE FINANCIAL STATEMENTS (CONTINUED) FOR THE YEAR ENDED 31 DECEMBER 2019 2018 Provision for Claims unearned premiu
  syndicate_2008_2015    new   scan               pyd -8.2       open 308.138    GBP rag_provisions | RITC scan: an inward RITC in 2015: Claims incurred but not reported 62,830 (7,608) 55,222 52,345 (5,000) 47,345) Balance at 31 December 327,927 (98,307) 229,620 308,138 (
  syndicate_2008_2016    new   scan               pyd -12.896    open 327.957    GBP None | RITC scan: an inward RITC in 2016: 79) 179,214 Claims incurred but not reported 62,860 (7,608) 55,222 52,345 (5,000) 47,345 Balance at 1 January 327,957 (98,307) 229,620 
  syndicate_2008_2018    new   scan               pyd 0.002      open 369.552    GBP None | RITC scan: an inward RITC in 2018: Claims notified Claims incurred but not reported Balance at 1 January RITC take on reserves Change in prior year provisions Claims paid
  syndicate_2008_2019    new   scan               pyd 14.053     open 1331.49    GBP confirmed_figure | RITC scan: an inward RITC in 2019: Claims notified Claims incurred but not reported Balance at 1 January RITC take on reserves Change in prior year provisions Claims paid
  syndicate_2008_2023    8th   scan,row           pyd 79.213     open 1186.259   GBP rag_triangle | RITC scan: an inward RITC in 2023: The above movements also include the take-on balances of the RITC with Syndicate 1301 (amounting to £235.0m Gross and £158.0m Net) and 
  syndicate_218_2015     new   row                pyd -11.244    open 577.705    GBP rag_triangle | row: ...ved, net of reinsurance £000 2012 year of account Provision for reported claims 292,990 Provision for IBNR 58,961 Gross RITC received 351,951 Provision for report
  syndicate_218_2016     new   row                pyd 88.896     open 570.85     GBP rag_triangle | row: ...of account closure at 31 December 2015 £000 Gross Provision for reported claims 280,873 Provision for IBNR 68,095 Gross RITC received 348,968 Reinsurers’ share Pr
  syndicate_218_2017     new   row                pyd -41.916    open 713.183    GBP rag_triangle | row: ...f account closure at 31 December 2016 £000 Gross Provision for reported claims 267,170 Provision for IBNR 173,319 Gross RITC received 440,489 Reinsurers’ share Pr
  syndicate_218_2018     new   row                pyd -116.005   open 752.821    GBP rag_triangle | row: ...of account closure at 31 December 2017 £000 Gross Provision for reported claims 383,590 Provision for IBNR 72,028 Gross RITC received 455,618 Reinsurers’ share Pr
  syndicate_218_2019     new   row                pyd -29.0      open 591.079    GBP rag_triangle | row: ...of account closure at 31 December 2018 £000 Gross Provision for reported claims 388,143 Provision for IBNR 15,565 Gross RITC received 403,708 Reinsurers’ share Pr
  syndicate_218_2020     new   row                pyd -24.5      open 577.773    GBP rag_triangle | row: ...of account closure at 31 December 2019 £000 Gross Provision for reported claims 348,764 Provision for IBNR 37,432 Gross RITC received 386,196 Reinsurers’ share Pr
  syndicate_2232_2020    new   row                pyd 55.227     open 396.533    GBP rag_triangle | row: ...00 2019 £000 At 1 January (175,648) (203,101) 54,976 66,355 Movement in provision (10,795) 23,924 11,136 (10,711) Less: portfolio transfer (1,721) (2,388) 704 814
  syndicate_2232_2021    new   row                pyd 7.572      open 403.686    GBP rag_triangle | row: ...000 2020 £000 At 1 January (186,512) (175,648) 64,007 54,976 Movement in provision 22,564 (12,516) (5,913) 12,654 Less: portfolio transfer 1,721 2,388 (704) (814)
  syndicate_2232_2022    new   row                pyd -14.204    open 424.046    GBP rag_triangle | row: ...£000 2021 £000 At 1 January (158,031) (186,512) 55,896 64,007 Movement in provision (12,699) 22,564 1,147 (5,913) Less: portfolio transfer 1,715 1,721 (701) (704)
  syndicate_2232_2023    new   row                pyd -12.667    open 533.793    GBP rag_triangle | row: ...£000 2022 £000 At 1 January (178,585) (158,031) 59,189 55,896 Movement in provision (17,726) (12,699) 9,857 1,147 Less: portfolio transfer 1,905 1,715 (780) (701)
  syndicate_2488_2019    8th   scan               pyd -2.959     open 956.51     GBP rag_triangle | RITC scan: an inward RITC in 2019: With effect from 1 January 2019, Syndicate 2488 accepted the reinsurance to close of the liabilities of Syndicate 1882.
  syndicate_2791_2015    8th   scan,passage       pyd -2.131     open 342.27     GBP confirmed_figure | RITC scan: an inward RITC in 2015: Reinsurance to Close Premium Received from Syndicate 6103 At 1 January 2015, Syndicate 2791 accepted a Reinsurance to Close Premium fro
  syndicate_2791_2017    8th   scan,passage       pyd -11.35     open 350.266    GBP rag_triangle | RITC scan: an inward RITC in 2017: Reinsurance to Close Premium Received from Syndicate 6103 At 1 January 2017, Syndicate 2791 accepted a Reinsurance to Close Premium fro
  syndicate_2791_2018    8th   scan,passage       pyd -9.783     open 350.548    GBP rag_triangle | RITC scan: an inward RITC in 2018: Reinsurance to Close Premium Received from Syndicate 6103 At 1 January 2018, Syndicate 2791 accepted a Reinsurance to Close Premium fro
  syndicate_2791_2022    8th   scan,passage       pyd -17.497    open 414.649    GBP rag_triangle | RITC scan: an inward RITC in 2022: Reinsurance to Close Premium Received from Syndicate 6103 At 1 January 2022, Syndicate 2791 accepted a Reinsurance to Close Premium fro
  syndicate_2791_2023    8th   scan,passage       pyd -35.529    open 596.911    GBP rag_triangle | RITC scan: an inward RITC in 2023: Reinsurance to Close Premium Received from Syndicate 6103 At 1 January 2023, Syndicate 2791 accepted a Reinsurance to Close Premium fro
  syndicate_2791_2024    8th   passage            pyd -36.191    open 545.891    GBP rag_triangle | text: ...Reinsurance to Close Premium Received from Syndicate 6103 At 1 January 2024, Syndicate 2791 accepted a Reinsurance to close Premium from Syndicate 6103 in respec
  syndicate_3000_2017    8th   scan,passage       pyd -8.1       open 1103.264   GBP rag_triangle | RITC scan: an inward RITC in 2017: aims outstanding Gross £'000 Reinsurance £'000 Net £'000 Gross £'000 Reinsurance £'000 Net £'000 At 1 January 1,103,264 154,099 949,165
  syndicate_318_2015     new   row                pyd -13.978    open 149.101    GBP None | row: ...btors 3,627 Creditors (8,232) Non cash consideration received 86,961 Cash 505 Total cash and non cash consideration for RITC received 87,466 Amounts payable to me
  syndicate_318_2016     new   row                pyd -13.996    open 135.946    GBP None | row: ...rs 1,149 Creditors (10,623) Non cash consideration received 87,206 Cash 1,518 Total cash and non cash consideration for RITC received 88,724 Amounts payable to me
  syndicate_318_2017     new   row                pyd -13.025    open 173.051    GBP None | row: ...btors 1,690 Creditors (8,325) Non cash consideration received 86,576 Cash 422 Total cash and non cash consideration for RITC received 86,998 Amounts payable to me
  syndicate_318_2018     new   row                pyd -14.241    open 269.667    GBP None | row: ...ors 1,616 Creditors (8,448) Non cash consideration received 72,627 Cash 3,702 Total cash and non cash consideration for RITC received 76,329 Amounts payable to me
  syndicate_318_2019     new   row                pyd -3.8       open 263.909    GBP rag_triangle | row: ...ors 2,806 Creditors (9,374) Non cash consideration received 48,215 Cash 1,582 Total cash and non cash consideration for RITC received 49,797 Amounts payable to me
  syndicate_318_2020     new   row                pyd -13.0      open 189.346    GBP rag_triangle | row: ...ors 2,696 Creditors (5,051) Non cash consideration received 41,976 Cash 2,164 Total cash and non cash consideration for RITC received 44,140 Amounts payable to me
  syndicate_318_2021     new   row                pyd -20.6      open 194.792    GBP rag_triangle | row: ...ors 2,777 Creditors (3,419) Non cash consideration received 49,278 Cash 7,644 Total cash and non cash consideration for RITC received 56,922 Amounts payable to me
  syndicate_318_2022     new   row                pyd -1.1       open 200.588    GBP rag_triangle | row: ...rs 1,427 Creditors (3,023) Non cash consideration received 66,038 Cash 13,315 Total cash and non cash consideration for RITC received 79,353 Amounts payable to me
  syndicate_318_2023     new   row                pyd -12.2      open 268.965    GBP rag_triangle | row: ...rs 12,499 Creditors (3,463) Non cash consideration received 75,819 Cash 2,352 Total cash and non cash consideration for RITC received 78,171 Amounts payable to me
  syndicate_318_2024     new   passage,row        pyd -67.098    open 217.138    GBP rag_triangle | text: ...38 Cincinnati Global Syndicate 0318 Notes to the financial statements for the year ended 31 December 2024 continued (p) RITC and Portfolio Transfer Policy contin
  syndicate_3268_2020    8th   passage,row        pyd 4.216      open 71.068     GBP rag_triangle | text: ...Technical provisions 2020 Gross provisions £’000 Reinsurance assets £’000 Net £’000 Claims outstanding Balance at 1 January 71,068 (20,435) 50,633 Change in clai
  syndicate_3268_2021    8th   passage,row        pyd -0.008     open 114.556    GBP rag_triangle | text: ...Technical provisions 2021 Gross provisions £’000 Reinsurance assets £’000 Net £’000 Claims outstanding Balance at 1 January 114,556 (38,248) 76,308 Change in cla
  syndicate_3330_2017    8th   scan,passage       pyd -0.99      open 14.059     GBP rag_triangle | RITC scan: an inward RITC in 2017: On 1 January 2017, the 2017 year of account accepted the Reinsurance to Close (RITC) of the 2014 year of account which consisted of the
  syndicate_3500_2019    8th   scan               pyd 26.444     open 259.79     GBP rag_triangle | RITC scan: an inward RITC in 2019: On 1* January 2019, Syndicate 3500 accepted the reinsurance to close of the liabilities of another Lloyd’s syndicate, a runoff syndicat
  syndicate_3500_2021    8th   scan,passage,row   pyd 109.086    open 770.428    USD rag_triangle | RITC scan: an inward RITC in 2021: This transaction results in the transfer to Syndicate 3500 of gross and net technical provisions of $17.6 million and $17.3 million res
  syndicate_3500_2022    8th   scan,row           pyd -291.756   open 2615.345   USD rag_triangle | RITC scan: an inward RITC in 2022: This transaction resulted in the transfer to Syndicate 3500 of gross and net technical provisions of $13.4 million and $13.4 million, r
  syndicate_3500_2023    8th   scan               pyd -47.666    open 2962.436   USD rag_triangle | RITC scan: an inward RITC in 2023: illion, respectively, this replaces a previously recorded loss portfolio transfer with gross and net liabilities of $201.9 million as a
  syndicate_4000_2023    8th   passage            pyd -18.865    open 738.807    GBP rag_triangle | text: ...Deferred Acquisition Costs 2023 2022 £000 £000 Balance at 1 January 62,877 52,637 Change in deferred acquisition costs 15,295 4,419 Effect of exchange rates (2,4
  syndicate_435_2017     8th   passage            pyd -30.689    open 743.418    GBP rag_triangle | text: ...A reinsurance to close Report of the Directors of the Managing Agent 31 December 2017 4 arrangement of Syndicate 2255 was carried out as at 31 December 2017; its
  syndicate_435_2018     8th   scan,passage       pyd -4.551     open 1015.305   GBP rag_triangle | RITC scan: an inward RITC in 2018: A reinsurance to close arrangement of Syndicate 2255 was carried out as at 31 December 2017; its assets and liabilities were transferre
  syndicate_4444_2016    8th   passage            pyd 4.362      open 912.779    GBP rag_triangle | text: ...At 31 December 2016, Syndicate 4444 accepted the reinsurance to close for the 2014 year of account of Syndicate 260, its final underwriting year....
  syndicate_4444_2017    8th   passage            pyd 118.224    open 1200.561   GBP rag_triangle | text: ...At 31 December 2017, Syndicate 4444 accepted the reinsurance to close for the 2015 year of account of Syndicate 958, its final underwriting year....
  syndicate_4444_2018    8th   scan,row           pyd 88.583     open 1547.219   GBP rag_triangle | RITC scan: an inward RITC in 2018: At 31 December 2017, Syndicate 4444 accepted the reinsurance to close for the 2015 year of account of Syndicate 958, its final underwri
  syndicate_4444_2022    new   passage            pyd 34.9       open 1980.61    GBP confirmed_figure | text: ...ising out of reinsurance operations 2022 2021 £000 £000 Due within one year Reinsurance accepted 13,060 14,087 Reinsurance ceded 287,590 420,277 300,650 434,364 
  syndicate_4444_2023    8th   scan,passage,row   pyd 48.207     open 2367.884   GBP rag_triangle | RITC scan: an inward RITC in 2023: On 1 January 2023 the 2021 year of account of the Syndicate accepted the RITC of the 2020 year of account of Syndicate 1861.
  syndicate_4444_2024    new   passage            pyd -89.1      open 3173.914   USD rag_provisions | text: ...Creditors arising out of reinsurance operations 2024 2023 Restated $000 $000 Reinsurance accepted 21,958 12,994 Reinsurance ceded 526,043 680,776 Total due withi
  syndicate_510_2015     new   row                pyd 0.1        open 1080.595   GBP rag_triangle | row: ...089) (3,062) 5,774 Enterprise Risk 34,569 (20,870) (14,810) (960) (2,071) 1,160,972 (609,157) (394,239) (80,847) 76,729 RITC received 542,271 (507,909) - 2,579 36
  syndicate_510_2016     new   row                pyd 1.8        open 1070.529   GBP rag_triangle | row: ...,919) (25,146) (4,189) 3,937 Aviation 64,056 (43,268) (21,438) 339 (311) 1,395,837 (742,238) (492,475) (108,824) 52,300 RITC received 544,530 (528,036) – 15,779 3
  syndicate_510_2017     new   row                pyd -10.2      open 1307.362   GBP rag_triangle | row: ... (28,476) (3,519) 11,124 Aviation 51,479 (23,621) (19,635) (4,593) 3,630 1,287,505 (605,309) (481,020) (111,549) 89,627 RITC received 649,921 (603,687) – (5,423) 
  syndicate_510_2019     new   row                pyd -34.0      open 1656.196   GBP rag_triangle | row: ...24,556) 1,093 (25,681) Aviation 59,297 (32,975) (22,000) (1,299) 3,023 1,384,566 (1,053,428) (506,287) 61,029 (114,120) RITC received 787,836 (681,674) - (26,155)
  syndicate_5820_2016    new   row                pyd 38.4       open 57.106     GBP rag_triangle | row: ...nsurance 17,985 (14,936) (11,769) (1,802) (10,522) 2014 Pure Year of Account 307,892 (83,173) (226,883) (7,494) (9,658) RITC Accepted 64,710 (66,480) (9,013) 1,46
  syndicate_5820_2017    new   row                pyd 6.8        open 87.278     GBP rag_triangle | row: ...4,328) Reinsurance 12,106 (5,663) (5,845) 892 1,490 2015 Pure Year of Account 182,177 (86,474) (108,148) (393) (12,838) RITC Accepted 5,869 5,008 (9,200) 178 1,85
  syndicate_609_2014     new   scan,row           pyd -41.2      open 378.654    GBP None | RITC scan: an inward RITC in 2014: BUSINESS AND PERFORMANCE EVALUATION With eﬀ ect from 1 January 2014 the 2011 year of account of Syndicate 570 was reinsured to close in
  syndicate_609_2016     new   row                pyd -47.547    open 540.543    GBP rag_triangle | row: ...02 136,911 153,546 (18,074) 41,271 Reinsurance 19,866 3,468 7,465 (2,846) 6,087 369,668 140,379 161,011 (20,920) 47,358 RITC received 307,523 383,196 – 57,442 (18
  syndicate_609_2017     new   row                pyd -70.442    open 679.387    GBP rag_triangle | row: ... 148,302 163,602 (17,395) 23,012 Reinsurance 32,213 4,776 10,138 (5,189) 12,110 384,524 153,078 173,740 (22,584) 35,122 RITC received 302,905 382,524 – 58,428 (21
  syndicate_609_2018     new   row                pyd -34.13     open 701.094    GBP rag_triangle | row: ...393,827 192,902 176,522 (2,026) 22,377 Reinsurance 54,779 22,820 15,033 2,591 19,517 448,606 215,722 191,555 565 41,894 RITC received 312,047 371,759 – 61,662 1,9
  syndicate_609_2019     new   row                pyd -45.496    open 743.465    GBP rag_triangle | row: ... 202,705 174,222 (22,569) 29,284 Reinsurance 68,755 89,798 13,648 8,213 (26,478) 497,535 292,503 187,870 (14,356) 2,806 RITC received 314,684 387,233 – 69,619 (2,
  syndicate_609_2020     new   row                pyd -26.598    open 686.712    GBP rag_triangle | row: ...89 223,274 193,984 (29,993) 7,638 Reinsurance 57,843 54,379 12,899 7,063 (2,372) 512,732 277,653 206,883 (22,930) 5,266 RITC received 319,500 369,453 — 49,731 (22
  syndicate_609_2021     new   row                pyd -18.753    open 731.704    GBP rag_triangle | row: ...56 283,586 218,959 (25,351) 21,860 Reinsurance 43,412 27,894 10,659 (189) 4,670 593,168 311,480 229,618 (25,540) 26,530 RITC received 346,952 390,594 — 54,254 10,
  syndicate_609_2022     new   row                pyd 11.071     open 789.783    GBP rag_triangle | row: ...244,288 242,221 (46,436) 89,467 Reinsurance 43,226 71,122 8,238 22,642 (13,492) 665,638 315,410 250,459 (23,794) 75,975 RITC received 434,822 503,962 – 61,781 (7,
  syndicate_609_2023     new   row                pyd 153.241    open 1171.381   GBP rag_triangle | row: ...8,858 261,982 118,384 (11,929) Reinsurance 45,068 59,514 11,151 6,305 (19,292) 745,595 628,372 273,133 124,689 (31,221) RITC received 461,704 551,254 – 77,876 (11
  syndicate_609_2024     new   row                pyd 194.623    open 1285.324   GBP rag_triangle | row: ...24,044 257,328 198,740 (80,403) Reinsurance 47,859 68,138 4,527 6,686 (18,120) 750,088 792,182 261,855 205,426 (98,523) RITC received 463,234 559,360 – 82,714 (13
  syndicate_727_2014     new   row                pyd -16.7      open 241.954    GBP None | row: ...4,611) (38) (6,243) 47,210 (35,199) (15,250) (331) (3,570) Reinsurance acceptances 35,731 (22,223) (11,540) (660) 1,308 Reinsurance to close received 177,039 (165
  syndicate_727_2015     new   row                pyd -5.676     open 236.448    GBP rag_triangle | row: ...) (15,049) (553) (5,001) Reinsurance Acceptance 33,766 (18,021) (11,710) 149 4,184 77,158 (50,812) (26,759) (404) (817) Reinsurance to Close received 185,656 (174
  syndicate_727_2016     new   row                pyd -7.098     open 245.893    GBP rag_triangle | row: ...321) (18,586) (47) (2,268) Reinsurance Acceptance 16,154 (13,521) (6,167) 48 (3,486) 64,840 (45,842) (24,753) 1 (5,754) Reinsurance to Close received 192,127 (178
  syndicate_727_2017     new   row                pyd 2.966      open 271.047    GBP rag_triangle | row: ...1,319) (15,675) (123) (381) Reinsurance Acceptance 18,923 (11,714) (6,345) (106) 758 65,659 (43,033) (22,020) (229) 377 Reinsurance to Close received 223,401 (223
  syndicate_727_2020     new   row                pyd -3.319     open 261.259    GBP rag_triangle | row: ...831) (15,601) (48) (4,420) Reinsurance Acceptance 18,660 (4,964) (8,126) (400) 5,170 71,720 (46,795) (23,727) (448) 750 Reinsurance to Close received 212,672 – – 
  syndicate_727_2021     new   row                pyd -10.157    open 268.255    GBP rag_triangle | row: ...7) (17,257) (105) (6,870) Reinsurance Acceptance 16,304 2,678 (10,574) (289) 8,119 75,413 (45,939) (27,831) (394) 1,249 Reinsurance to Close received 212,311 – – 
  syndicate_727_2022     new   row                pyd -5.836     open 266.273    GBP rag_triangle | row: ...933) (27,446) (9) 3,174 Reinsurance Acceptance 22,360 (12,919) (5,969) (714) 2,758 96,922 (56,852) (33,415) (723) 5,932 Reinsurance to Close received 212,721 – – 
  syndicate_727_2023     new   row                pyd -0.431     open 314.671    GBP rag_triangle | row: ...6) (27,571) (52) 1,545 Reinsurance Acceptance 23,858 (8,752) (6,683) 3,005 11,428 99,412 (55,138) (34,254) 2,953 12,973 Reinsurance to Close received 231,874 – – 
  syndicate_727_2024     new   row                pyd 16.599     open 315.08     GBP rag_triangle | row: ...7,607) (64) (1,329) Reinsurance Acceptance 45,419 (21,338) (10,822) (391) 12,868 117,784 (67,361) (38,429) (455) 11,539 Reinsurance to Close received 238,976 – – 
